// Jest Snapshot v1, https://goo.gl/fbAQLP

exports[`Bowl Handler BowlButton should match its snapshot 1`] = `[Function]`;

exports[`Bowl Handler BowlValues should match its snapshot 1`] = `[Function]`;

exports[`Bowl Handler match the snapshot of BowlHandler function 1`] = `
ShallowWrapper {
  Symbol(enzyme.__root__): [Circular],
  Symbol(enzyme.__unrendered__): <BowlHeaders
    showsecond={
        Object {
            "str1Val": "4",
          }
    }
/>,
  Symbol(enzyme.__renderer__): Object {
    "batchedUpdates": [Function],
    "checkPropTypes": [Function],
    "getNode": [Function],
    "render": [Function],
    "simulateError": [Function],
    "simulateEvent": [Function],
    "unmount": [Function],
  },
  Symbol(enzyme.__node__): Object {
    "instance": null,
    "key": undefined,
    "nodeType": "host",
    "props": Object {
      "children": Array [
        <b
          style={
                    Object {
                              "margin": "10px",
                            }
          }
>
          Round 
</b>,
        <br />,
        <br />,
        <Bowlval
          elementval={
                    <option
                              value="4"
                    >
                              4
                    </option>
          }
          handleChange={undefined}
          strikecount="1"
/>,
      ],
    },
    "ref": null,
    "rendered": Array [
      Object {
        "instance": null,
        "key": undefined,
        "nodeType": "host",
        "props": Object {
          "children": Array [
            "Round ",
            undefined,
          ],
          "style": Object {
            "margin": "10px",
          },
        },
        "ref": null,
        "rendered": Array [
          "Round ",
          undefined,
        ],
        "type": "b",
      },
      Object {
        "instance": null,
        "key": undefined,
        "nodeType": "host",
        "props": Object {},
        "ref": null,
        "rendered": null,
        "type": "br",
      },
      Object {
        "instance": null,
        "key": undefined,
        "nodeType": "host",
        "props": Object {},
        "ref": null,
        "rendered": null,
        "type": "br",
      },
      Object {
        "instance": null,
        "key": undefined,
        "nodeType": "function",
        "props": Object {
          "elementval": <option
            value="4"
>
            4
</option>,
          "handleChange": undefined,
          "strikecount": "1",
        },
        "ref": null,
        "rendered": null,
        "type": [Function],
      },
    ],
    "type": "div",
  },
  Symbol(enzyme.__nodes__): Array [
    Object {
      "instance": null,
      "key": undefined,
      "nodeType": "host",
      "props": Object {
        "children": Array [
          <b
            style={
                        Object {
                                    "margin": "10px",
                                  }
            }
>
            Round 
</b>,
          <br />,
          <br />,
          <Bowlval
            elementval={
                        <option
                                    value="4"
                        >
                                    4
                        </option>
            }
            handleChange={undefined}
            strikecount="1"
/>,
        ],
      },
      "ref": null,
      "rendered": Array [
        Object {
          "instance": null,
          "key": undefined,
          "nodeType": "host",
          "props": Object {
            "children": Array [
              "Round ",
              undefined,
            ],
            "style": Object {
              "margin": "10px",
            },
          },
          "ref": null,
          "rendered": Array [
            "Round ",
            undefined,
          ],
          "type": "b",
        },
        Object {
          "instance": null,
          "key": undefined,
          "nodeType": "host",
          "props": Object {},
          "ref": null,
          "rendered": null,
          "type": "br",
        },
        Object {
          "instance": null,
          "key": undefined,
          "nodeType": "host",
          "props": Object {},
          "ref": null,
          "rendered": null,
          "type": "br",
        },
        Object {
          "instance": null,
          "key": undefined,
          "nodeType": "function",
          "props": Object {
            "elementval": <option
              value="4"
>
              4
</option>,
            "handleChange": undefined,
            "strikecount": "1",
          },
          "ref": null,
          "rendered": null,
          "type": [Function],
        },
      ],
      "type": "div",
    },
  ],
  Symbol(enzyme.__options__): Object {
    "adapter": ReactSixteenAdapter {
      "options": Object {
        "enableComponentDidUpdateOnSetState": true,
        "legacyContextMode": "parent",
        "lifecycles": Object {
          "componentDidUpdate": Object {
            "onSetState": true,
          },
          "getChildContext": Object {
            "calledByRenderer": false,
          },
          "getDerivedStateFromError": true,
          "getDerivedStateFromProps": Object {
            "hasShouldComponentUpdateBug": false,
          },
          "getSnapshotBeforeUpdate": true,
          "setState": Object {
            "skipsComponentDidUpdateOnNullish": true,
          },
        },
      },
    },
    Symbol(enzyme.__providerValues__): undefined,
  },
  Symbol(enzyme.__providerValues__): Map {},
}
`;
